Start exporting playlist Diffusion - lun 16 mar 2026 22:09:01 CET
[dotenv@17.3.1] injecting env (16) from .env -- tip: 🔐 prevent committing .env to code: https://dotenvx.com/precommit
✅ Export créé : /home/salon/Documents/scripts/exports/playlist-2026-03-16.txt
✅ Email envoyé à : raphcolson@gmail.com
✅ Export créé : /home/salon/Documents/scripts/exports/playlist-2026-03-16.txt
Start exporting playlist Diffusion - lun 16 mar 2026 22:10:01 CET
[dotenv@17.3.1] injecting env (16) from .env -- tip: ⚙️  specify custom .env file path with { path: '/custom/path/.env' }
✅ Export créé : /home/salon/Documents/scripts/exports/playlist-2026-03-16.txt
✅ Email envoyé à : raphcolson@gmail.com
✅ Export créé : /home/salon/Documents/scripts/exports/playlist-2026-03-16.txt
Start exporting playlist Diffusion - lun 16 mar 2026 22:11:01 CET
[dotenv@17.3.1] injecting env (16) from .env -- tip: ⚡️ secrets for agents: https://dotenvx.com/as2
✅ Export créé : /home/salon/Documents/scripts/exports/playlist-2026-03-16.txt
✅ Email envoyé à : raphcolson@gmail.com
✅ Export créé : /home/salon/Documents/scripts/exports/playlist-2026-03-16.txt
Start exporting playlist Diffusion - lun 16 mar 2026 22:12:01 CET
[dotenv@17.3.1] injecting env (16) from .env -- tip: ⚙️  write to custom object with { processEnv: myObject }
✅ Export créé : /home/salon/Documents/scripts/exports/playlist-2026-03-16.txt
✅ Email envoyé à : raphcolson@gmail.com
✅ Export créé : /home/salon/Documents/scripts/exports/playlist-2026-03-16.txt
Start exporting playlist Diffusion - lun 16 mar 2026 22:13:01 CET
[dotenv@17.3.1] injecting env (16) from .env -- tip: ⚙️  specify custom .env file path with { path: '/custom/path/.env' }
✅ Export créé : /home/salon/Documents/scripts/exports/playlist-2026-03-16.txt
✅ Email envoyé à : raphcolson@gmail.com
❌ Erreur : o is not defined
